---
source: crates/embucket-functions/src/tests/math/div0.rs
description: "\"SELECT DIV0(10, 3), DIV0(1, 3), DIV0(1, 300)\""
---
Ok(
    [
        "+--------------------------+-------------------------+---------------------------+",
        "| div0(Int64(10),Int64(3)) | div0(Int64(1),Int64(3)) | div0(Int64(1),Int64(300)) |",
        "+--------------------------+-------------------------+---------------------------+",
        "| 3.3333333333333335       | 0.3333333333333333      | 0.0033333333333333335     |",
        "+--------------------------+-------------------------+---------------------------+",
    ],
)
