---
source: crates/core-executor/src/tests/sql/commands/explain.rs
description: "\"EXPLAIN ANALYZE SELECT name FROM testing;\""
info: "Setup queries: CREATE OR REPLACE TABLE testing (name VARCHAR)\nAS SELECT * FROM VALUES\n  ('yes'),\n  ('no')"
---
Ok(
    [
        "+-------------------+------------------------------------------------------------------------------------------------------------------------------------------------------------------------------------------------------------------------------------------------------------------------------------------------------------------------------------------------------------------------------------------------------------------------------------------------------------------------------------------------------------------------------------------------------------------------------------------------------------------------------------------------------------------------------------------------------------------------------------------------------------------------------------------------------------------------------------------------------------------------------------------------------------------------------------------+",
        "| plan_type         | plan                                                                                                                                                                                                                                                                                                                                                                                                                                                                                                                                                                                                                                                                                                                                                                                                                                                                                                                                     |",
        "+-------------------+------------------------------------------------------------------------------------------------------------------------------------------------------------------------------------------------------------------------------------------------------------------------------------------------------------------------------------------------------------------------------------------------------------------------------------------------------------------------------------------------------------------------------------------------------------------------------------------------------------------------------------------------------------------------------------------------------------------------------------------------------------------------------------------------------------------------------------------------------------------------------------------------------------------------------------------+",
        "| Plan with Metrics | DataSourceExec: file_groups={1 group: [[embucket/public/testing/data/32841f/ff0ad90a-b5c8-11f0-991b-32841fbc14cb.parquet]]}, projection=[name], file_type=parquet, metrics=[output_rows=2, elapsed_compute=1ns, batches_split=0, bytes_scanned=71, file_open_errors=0, file_scan_errors=0, files_ranges_pruned_statistics=0, num_predicate_creation_errors=0, page_index_rows_matched=0, page_index_rows_pruned=0, predicate_evaluation_errors=0, pushdown_rows_matched=0, pushdown_rows_pruned=0, row_groups_matched_bloom_filter=0, row_groups_matched_statistics=0, row_groups_pruned_bloom_filter=0, row_groups_pruned_statistics=0, bloom_filter_eval_time=2ns, metadata_load_time=104.346µs, page_index_eval_time=2ns, row_pushdown_eval_time=2ns, statistics_eval_time=2ns, time_elapsed_opening=135.005µs, time_elapsed_processing=255.554µs, time_elapsed_scanning_total=116.566µs, time_elapsed_scanning_until_data=104.484µs] |",
        "|                   |                                                                                                                                                                                                                                                                                                                                                                                                                                                                                                                                                                                                                                                                                                                                                                                                                                                                                                                                          |",
        "+-------------------+------------------------------------------------------------------------------------------------------------------------------------------------------------------------------------------------------------------------------------------------------------------------------------------------------------------------------------------------------------------------------------------------------------------------------------------------------------------------------------------------------------------------------------------------------------------------------------------------------------------------------------------------------------------------------------------------------------------------------------------------------------------------------------------------------------------------------------------------------------------------------------------------------------------------------------------+",
    ],
)
