---
source: crates/core-executor/src/tests/sql/commands/explain.rs
description: "\"EXPLAIN ANALYZE SELECT dateadd(day, 30, '20-12-2022');\""
---
Ok(
    [
        "+-------------------+--------------------------------------------------------------------------------------------------------------------------------------------------+",
        "| plan_type         | plan                                                                                                                                             |",
        "+-------------------+--------------------------------------------------------------------------------------------------------------------------------------------------+",
        "| Plan with Metrics | ProjectionExec: expr=[1674086400000000000 as dateadd(Utf8(\"day\"),Int64(30),Utf8(\"20-12-2022\"))], metrics=[output_rows=1, elapsed_compute=[TIME]] |",
        "|                   |   PlaceholderRowExec, metrics=[]                                                                                                                 |",
        "|                   |                                                                                                                                                  |",
        "+-------------------+--------------------------------------------------------------------------------------------------------------------------------------------------+",
    ],
)
