---
source: crates/embucket-functions/src/tests/string_binary/hex_decode_string.rs
description: "\"WITH test_data AS (\n        SELECT '48656C6C6F' AS hex_col  -- Valid: 'Hello'\n        UNION ALL\n        SELECT 'INVALID'               -- Invalid characters\n        UNION ALL\n        SELECT 'ABC'                   -- Odd length\n        UNION ALL\n        SELECT '576F726C64'            -- Valid: 'World'\n        UNION ALL\n        SELECT ''                      -- Empty\n        UNION ALL\n        SELECT NULL                    -- NULL\n    )\n    SELECT \n        hex_col,\n        TRY_HEX_DECODE_STRING(hex_col) AS decoded_result\n    FROM test_data\""
---
Ok(
    [
        "+------------+----------------+",
        "| hex_col    | decoded_result |",
        "+------------+----------------+",
        "| 48656C6C6F | Hello          |",
        "| INVALID    |                |",
        "| ABC        |                |",
        "| 576F726C64 | World          |",
        "|            |                |",
        "|            |                |",
        "+------------+----------------+",
    ],
)
