---
source: crates/core-metastore/src/tests.rs
expression: "(no_volume_result, all_databases, fetched_db, all_dbs_after)"
---
(
    0: Volume non_existing not found, at file:line:col,
    [
        RwObject {
            data: Database {
                ident: "testdb",
                properties: None,
                volume: "testv1",
            },
            ids: {
                "id": 1,
                "volume_id": 1,
            },
            created_at: "TIMESTAMP",
            updated_at: "TIMESTAMP",
        },
    ],
    Some(
        RwObject {
            data: Database {
                ident: "updated_testdb",
                properties: None,
                volume: "testv1",
            },
            ids: {
                "id": 1,
                "volume_id": 1,
            },
            created_at: "TIMESTAMP",
            updated_at: "TIMESTAMP",
        },
    ),
    [],
)
