---
source: crates/core-metastore/src/tests.rs
expression: "(all_volumes, get_volume, all_volumes_after)"
---
(
    [
        RwObject {
            data: Volume {
                ident: "test",
                volume: Memory,
            },
            ids: {
                "id": 1,
            },
            created_at: "TIMESTAMP",
            updated_at: "TIMESTAMP",
        },
    ],
    Some(
        RwObject {
            data: Volume {
                ident: "test",
                volume: Memory,
            },
            ids: {
                "id": 1,
            },
            created_at: "TIMESTAMP",
            updated_at: "TIMESTAMP",
        },
    ),
    [],
)
