---
source: crates/core-metastore/src/tests.rs
expression: "(rwo1, rwo2)"
---
(
    RwObject {
        data: Volume {
            ident: "test",
            volume: Memory,
        },
        id: UUID,
        created_at: "TIMESTAMP",
        updated_at: "TIMESTAMP",
    },
    RwObject {
        data: Volume {
            ident: "test",
            volume: Memory,
        },
        id: UUID,
        created_at: "TIMESTAMP",
        updated_at: "TIMESTAMP",
    },
)
