---
source: crates/api-snowflake-rest/src/tests/test_rest_quick_sqls.rs
description: "SQL #1 [spent: 201/201ms]: show schemas in database missing_db\nQuery UUID: 00000000-0000-0000-0000-077ed7b1827e"
expression: pretty_json
---
{
  "data": {
    "rowtype": [],
    "rowsetBase64": null,
    "rowset": null,
    "total": null,
    "queryResultFormat": null,
    "errorCode": "002043",
    "sqlState": "02000",
    "queryId": "UUID"
  },
  "success": false,
  "message": "SQL compilation error: Database 'missing_db' does not exist or not authorized",
  "code": "002043"
}
