[0m04:06:52  Running with dbt=1.9.8
[0m04:06:53  Registered adapter: snowflake=1.9.1
[0m04:06:54  Found 29 models, 120 data tests, 3 seeds, 2 operations, 8 sources, 768 macros
[0m04:06:54  
[0m04:06:54  Concurrency: 4 threads (target='embucket')
[0m04:06:54  
[0m04:06:54  1 of 1 START hook: snowplow_web.on-run-start.0 ................................. [RUN]
[0m04:06:54  1 of 1 OK hook: snowplow_web.on-run-start.0 .................................... [[32mOK[0m in 0.02s]
[0m04:06:54  
[0m04:06:54  1 of 29 START sql incremental model public_snowplow_manifest_snowplow_manifest.snowplow_web_base_quarantined_sessions  [RUN]
[0m04:06:54  2 of 29 START sql incremental model public_snowplow_manifest_snowplow_manifest.snowplow_web_incremental_manifest  [RUN]
[0m04:06:55  2 of 29 OK created sql incremental model public_snowplow_manifest_snowplow_manifest.snowplow_web_incremental_manifest  [[32m02000 1[0m in 0.39s]
[0m04:06:55  1 of 29 OK created sql incremental model public_snowplow_manifest_snowplow_manifest.snowplow_web_base_quarantined_sessions  [[32m02000 1[0m in 0.39s]
[0m04:06:55  3 of 29 START sql table model public_snowplow_manifest_scratch.snowplow_web_base_new_event_limits  [RUN]
[0m04:06:55  04:06:55 + Snowplow: No data in manifest. Processing data from start_date
[0m04:06:56  04:06:56 + Snowplow: Processing data between '2025-09-01 00:00:00' and '2025-10-31 00:00:00' (snowplow_web)
[0m04:06:56  3 of 29 OK created sql table model public_snowplow_manifest_scratch.snowplow_web_base_new_event_limits  [[32m02000 1[0m in 0.89s]
[0m04:06:56  4 of 29 START sql incremental model public_snowplow_manifest_snowplow_manifest.snowplow_web_base_sessions_lifecycle_manifest  [RUN]
[0m04:06:57  4 of 29 OK created sql incremental model public_snowplow_manifest_snowplow_manifest.snowplow_web_base_sessions_lifecycle_manifest  [[32m02000 1[0m in 1.06s]
[0m04:06:57  5 of 29 START sql table model public_snowplow_manifest_scratch.snowplow_web_base_sessions_this_run  [RUN]
[0m04:06:59  5 of 29 OK created sql table model public_snowplow_manifest_scratch.snowplow_web_base_sessions_this_run  [[32m02000 1[0m in 2.40s]
[0m04:06:59  6 of 29 START sql table model public_snowplow_manifest_scratch.snowplow_web_base_events_this_run  [RUN]
[0m04:07:01  6 of 29 OK created sql table model public_snowplow_manifest_scratch.snowplow_web_base_events_this_run  [[32m02000 1[0m in 2.12s]
[0m04:07:01  7 of 29 START sql table model public_snowplow_manifest_scratch.snowplow_web_consent_events_this_run  [RUN]
[0m04:07:01  8 of 29 START sql table model public_snowplow_manifest_scratch.snowplow_web_pv_engaged_time  [RUN]
[0m04:07:01  9 of 29 START sql table model public_snowplow_manifest_scratch.snowplow_web_pv_scroll_depth  [RUN]
[0m04:07:01  10 of 29 START sql table model public_snowplow_manifest_scratch.snowplow_web_sessions_this_run  [RUN]
[0m04:07:02  8 of 29 OK created sql table model public_snowplow_manifest_scratch.snowplow_web_pv_engaged_time  [[32m02000 1[0m in 0.84s]
[0m04:07:02  11 of 29 START sql incremental model public_snowplow_manifest_derived.snowplow_web_user_mapping  [RUN]
[0m04:07:03  9 of 29 OK created sql table model public_snowplow_manifest_scratch.snowplow_web_pv_scroll_depth  [[32m02000 1[0m in 1.34s]
[0m04:07:03  7 of 29 OK created sql table model public_snowplow_manifest_scratch.snowplow_web_consent_events_this_run  [[32m02000 1[0m in 1.36s]
[0m04:07:03  12 of 29 START sql table model public_snowplow_manifest_scratch.snowplow_web_vital_events_this_run  [RUN]
[0m04:07:03  13 of 29 START sql table model public_snowplow_manifest_scratch.snowplow_web_page_views_this_run  [RUN]
[0m04:07:03  11 of 29 OK created sql incremental model public_snowplow_manifest_derived.snowplow_web_user_mapping  [[32m02000 1[0m in 0.73s]
[0m04:07:03  14 of 29 START sql incremental model public_snowplow_manifest_derived.snowplow_web_consent_log  [RUN]
[0m04:07:04  14 of 29 OK created sql incremental model public_snowplow_manifest_derived.snowplow_web_consent_log  [[32m02000 1[0m in 0.92s]
[0m04:07:04  15 of 29 START sql table model public_snowplow_manifest_derived.snowplow_web_consent_cmp_stats  [RUN]
[0m04:07:04  12 of 29 OK created sql table model public_snowplow_manifest_scratch.snowplow_web_vital_events_this_run  [[32m02000 1[0m in 1.87s]
[0m04:07:04  16 of 29 START sql incremental model public_snowplow_manifest_derived.snowplow_web_consent_versions  [RUN]
[0m04:07:07  15 of 29 OK created sql table model public_snowplow_manifest_derived.snowplow_web_consent_cmp_stats  [[32m02000 1[0m in 2.92s]
[0m04:07:07  17 of 29 START sql table model public_snowplow_manifest_scratch.snowplow_web_vitals_this_run  [RUN]
[0m04:07:07  16 of 29 OK created sql incremental model public_snowplow_manifest_derived.snowplow_web_consent_versions  [[32m02000 1[0m in 2.31s]
[0m04:07:07  18 of 29 START sql incremental model public_snowplow_manifest_derived.snowplow_web_consent_users  [RUN]
[0m04:07:08  13 of 29 OK created sql table model public_snowplow_manifest_scratch.snowplow_web_page_views_this_run  [[32m02000 1[0m in 5.52s]
[0m04:07:08  19 of 29 START sql incremental model public_snowplow_manifest_derived.snowplow_web_page_views  [RUN]
[0m04:07:08  17 of 29 OK created sql table model public_snowplow_manifest_scratch.snowplow_web_vitals_this_run  [[32m02000 1[0m in 1.48s]
[0m04:07:08  20 of 29 START sql incremental model public_snowplow_manifest_derived.snowplow_web_vitals  [RUN]
[0m04:07:10  10 of 29 OK created sql table model public_snowplow_manifest_scratch.snowplow_web_sessions_this_run  [[32m02000 1[0m in 8.90s]
[0m04:07:10  21 of 29 START sql incremental model public_snowplow_manifest_derived.snowplow_web_sessions  [RUN]
[0m04:07:10  20 of 29 OK created sql incremental model public_snowplow_manifest_derived.snowplow_web_vitals  [[32m02000 1[0m in 2.12s]
[0m04:07:10  22 of 29 START sql table model public_snowplow_manifest_derived.snowplow_web_vital_measurements  [RUN]
[0m04:07:10  19 of 29 OK created sql incremental model public_snowplow_manifest_derived.snowplow_web_page_views  [[32m02000 1[0m in 2.27s]
[0m04:07:11  21 of 29 OK created sql incremental model public_snowplow_manifest_derived.snowplow_web_sessions  [[32m02000 1[0m in 1.11s]
[0m04:07:11  23 of 29 START sql table model public_snowplow_manifest_scratch.snowplow_web_users_sessions_this_run  [RUN]
[0m04:07:12  18 of 29 OK created sql incremental model public_snowplow_manifest_derived.snowplow_web_consent_users  [[32m02000 1[0m in 5.06s]
[0m04:07:12  24 of 29 START sql table model public_snowplow_manifest_derived.snowplow_web_consent_scope_status  [RUN]
[0m04:07:12  25 of 29 START sql table model public_snowplow_manifest_derived.snowplow_web_consent_totals  [RUN]
[0m04:07:14  24 of 29 OK created sql table model public_snowplow_manifest_derived.snowplow_web_consent_scope_status  [[32m02000 1[0m in 2.14s]
[0m04:07:15  23 of 29 OK created sql table model public_snowplow_manifest_scratch.snowplow_web_users_sessions_this_run  [[32m02000 1[0m in 3.18s]
[0m04:07:15  26 of 29 START sql table model public_snowplow_manifest_scratch.snowplow_web_users_aggs  [RUN]
[0m04:07:15  25 of 29 OK created sql table model public_snowplow_manifest_derived.snowplow_web_consent_totals  [[32m02000 1[0m in 2.79s]
[0m04:07:16  26 of 29 OK created sql table model public_snowplow_manifest_scratch.snowplow_web_users_aggs  [[32m02000 1[0m in 1.45s]
[0m04:07:16  27 of 29 START sql table model public_snowplow_manifest_scratch.snowplow_web_users_lasts  [RUN]
[0m04:07:18  22 of 29 OK created sql table model public_snowplow_manifest_derived.snowplow_web_vital_measurements  [[32m02000 1[0m in 7.53s]
[0m04:07:19  27 of 29 OK created sql table model public_snowplow_manifest_scratch.snowplow_web_users_lasts  [[32m02000 1[0m in 2.82s]
[0m04:07:19  28 of 29 START sql table model public_snowplow_manifest_scratch.snowplow_web_users_this_run  [RUN]
[0m04:07:23  28 of 29 OK created sql table model public_snowplow_manifest_scratch.snowplow_web_users_this_run  [[32m02000 1[0m in 3.94s]
[0m04:07:23  29 of 29 START sql incremental model public_snowplow_manifest_derived.snowplow_web_users  [RUN]
[0m04:07:24  29 of 29 OK created sql incremental model public_snowplow_manifest_derived.snowplow_web_users  [[32m02000 1[0m in 1.54s]
[0m04:07:24  
[0m04:07:24  1 of 1 START hook: snowplow_web.on-run-end.0 ................................... [RUN]
[0m04:07:30  1 of 1 OK hook: snowplow_web.on-run-end.0 ...................................... [[32mOK[0m in 5.54s]
[0m04:07:30  
[0m04:07:30  Finished running 11 incremental models, 2 project hooks, 18 table models in 0 hours 0 minutes and 36.10 seconds (36.10s).
[0m04:07:30  
[0m04:07:30  [32mCompleted successfully[0m
[0m04:07:30  
[0m04:07:30  Done. PASS=31 WARN=0 ERROR=0 SKIP=0 TOTAL=31
