---
source: crates/core-executor/src/tests/sql/commands/status_message.rs
description: "\"USE DATABASE embucket\""
---
Ok(
    [
        "+----------------------------------+",
        "| status                           |",
        "+----------------------------------+",
        "| Statement executed successfully. |",
        "+----------------------------------+",
    ],
)
